3D convolution (FP32)

========== Warmup start ==========
input dimensions: C=1 Win=32 Hin=32
output dimensions: M=6 Wout=28 Hout=28
3D grid dimensions: N=32 M=6 Z=4
Average kernel execution time of conv3d_s1 kernel: 6.618431 (us)
PASS
Average kernel execution time of conv3d_s2 kernel: 6.550276 (us)
PASS
Average kernel execution time of conv3d_s3 kernel: 6.373997 (us)
PASS

========== Warmup done ==========
input dimensions: C=1 Win=32 Hin=32
output dimensions: M=6 Wout=28 Hout=28
3D grid dimensions: N=32 M=6 Z=4
Average kernel execution time of conv3d_s1 kernel: 6.672191 (us)
PASS
Average kernel execution time of conv3d_s2 kernel: 6.605380 (us)
PASS
Average kernel execution time of conv3d_s3 kernel: 6.423750 (us)
PASS
