
The number of elements to scan in a thread block: 128
PASS
PASS
PASS
PASS
PASS
PASS
PASS
PASS

The number of elements to scan in a thread block: 128
Element size in bytes is 1. Average execution time of scan (w/  bank conflicts): 3092.229980 (us)
Element size in bytes is 1. Average execution time of scan (w/o bank conflicts): 3516.645996 (us). Reduce the time by -13.7%
Element size in bytes is 2. Average execution time of scan (w/  bank conflicts): 3658.997314 (us)
Element size in bytes is 2. Average execution time of scan (w/o bank conflicts): 3708.913574 (us). Reduce the time by -1.4%
Element size in bytes is 4. Average execution time of scan (w/  bank conflicts): 4902.932617 (us)
Element size in bytes is 4. Average execution time of scan (w/o bank conflicts): 3521.886230 (us). Reduce the time by 28.2%
Element size in bytes is 8. Average execution time of scan (w/  bank conflicts): 8008.677246 (us)
Element size in bytes is 8. Average execution time of scan (w/o bank conflicts): 6038.660645 (us). Reduce the time by 24.6%

The number of elements to scan in a thread block: 256
PASS
PASS
PASS
PASS
PASS
PASS
PASS
PASS

The number of elements to scan in a thread block: 256
Element size in bytes is 1. Average execution time of scan (w/  bank conflicts): 3198.782715 (us)
Element size in bytes is 1. Average execution time of scan (w/o bank conflicts): 3364.285889 (us). Reduce the time by -5.2%
Element size in bytes is 2. Average execution time of scan (w/  bank conflicts): 3770.892090 (us)
Element size in bytes is 2. Average execution time of scan (w/o bank conflicts): 3534.871582 (us). Reduce the time by 6.3%
Element size in bytes is 4. Average execution time of scan (w/  bank conflicts): 5028.770508 (us)
Element size in bytes is 4. Average execution time of scan (w/o bank conflicts): 3240.834473 (us). Reduce the time by 35.6%
Element size in bytes is 8. Average execution time of scan (w/  bank conflicts): 7975.677246 (us)
Element size in bytes is 8. Average execution time of scan (w/o bank conflicts): 7947.410156 (us). Reduce the time by 0.4%

The number of elements to scan in a thread block: 512
PASS
PASS
PASS
PASS
PASS
PASS
PASS
PASS

The number of elements to scan in a thread block: 512
Element size in bytes is 1. Average execution time of scan (w/  bank conflicts): 3365.267578 (us)
Element size in bytes is 1. Average execution time of scan (w/o bank conflicts): 3829.069580 (us). Reduce the time by -13.8%
Element size in bytes is 2. Average execution time of scan (w/  bank conflicts): 3949.247314 (us)
Element size in bytes is 2. Average execution time of scan (w/o bank conflicts): 3815.802002 (us). Reduce the time by 3.4%
Element size in bytes is 4. Average execution time of scan (w/  bank conflicts): 5226.112305 (us)
Element size in bytes is 4. Average execution time of scan (w/o bank conflicts): 3716.415527 (us). Reduce the time by 28.9%
Element size in bytes is 8. Average execution time of scan (w/  bank conflicts): 8080.065430 (us)
Element size in bytes is 8. Average execution time of scan (w/o bank conflicts): 6173.634277 (us). Reduce the time by 23.6%

The number of elements to scan in a thread block: 1024
PASS
PASS
PASS
PASS
PASS
PASS
PASS
PASS

The number of elements to scan in a thread block: 1024
Element size in bytes is 1. Average execution time of scan (w/  bank conflicts): 3610.662109 (us)
Element size in bytes is 1. Average execution time of scan (w/o bank conflicts): 3981.288330 (us). Reduce the time by -10.3%
Element size in bytes is 2. Average execution time of scan (w/  bank conflicts): 4187.475586 (us)
Element size in bytes is 2. Average execution time of scan (w/o bank conflicts): 4162.745605 (us). Reduce the time by 0.6%
Element size in bytes is 4. Average execution time of scan (w/  bank conflicts): 5602.524414 (us)
Element size in bytes is 4. Average execution time of scan (w/o bank conflicts): 4010.537598 (us). Reduce the time by 28.4%
Element size in bytes is 8. Average execution time of scan (w/  bank conflicts): 8167.173340 (us)
Element size in bytes is 8. Average execution time of scan (w/o bank conflicts): 6414.897461 (us). Reduce the time by 21.5%

The number of elements to scan in a thread block: 2048
PASS
PASS
PASS
PASS
PASS
PASS
PASS
PASS

The number of elements to scan in a thread block: 2048
Element size in bytes is 1. Average execution time of scan (w/  bank conflicts): 4031.634033 (us)
Element size in bytes is 1. Average execution time of scan (w/o bank conflicts): 5144.243164 (us). Reduce the time by -27.6%
Element size in bytes is 2. Average execution time of scan (w/  bank conflicts): 4687.171387 (us)
Element size in bytes is 2. Average execution time of scan (w/o bank conflicts): 5400.538086 (us). Reduce the time by -15.2%
Element size in bytes is 4. Average execution time of scan (w/  bank conflicts): 6118.782715 (us)
Element size in bytes is 4. Average execution time of scan (w/o bank conflicts): 5623.438477 (us). Reduce the time by 8.1%
Element size in bytes is 8. Average execution time of scan (w/  bank conflicts): 8836.406250 (us)
Element size in bytes is 8. Average execution time of scan (w/o bank conflicts): 7985.690430 (us). Reduce the time by 9.6%
