
---------------------
Mask width: 3
1D convolution (FP64)
Average kernel execution time of conv1d kernel (block size 64): 2983.125000 (us)
PASS
Average kernel execution time of conv1d kernel (block size 128): 2679.505859 (us)
PASS
Average kernel execution time of conv1d kernel (block size 256): 2683.978516 (us)
PASS
Average kernel execution time of conv1d kernel (block size 512): 2691.744629 (us)
PASS
Average kernel execution time of conv1d kernel (block size 1024): 2711.468018 (us)
PASS
Average kernel execution time of conv1d-tiled kernel (block size 64): 2985.356445 (us)
PASS
Average kernel execution time of conv1d-tiled kernel (block size 128): 2775.229492 (us)
PASS
Average kernel execution time of conv1d-tiled kernel (block size 256): 2798.063232 (us)
PASS
Average kernel execution time of conv1d-tiled kernel (block size 512): 2805.199463 (us)
PASS
Average kernel execution time of conv1d-tiled kernel (block size 1024): 2812.903320 (us)
PASS
Average kernel execution time of conv1d-tiled-caching kernel (block size 64): 2988.381592 (us)
PASS
Average kernel execution time of conv1d-tiled-caching kernel (block size 128): 2704.140381 (us)
PASS
Average kernel execution time of conv1d-tiled-caching kernel (block size 256): 2707.790039 (us)
PASS
Average kernel execution time of conv1d-tiled-caching kernel (block size 512): 2725.278809 (us)
PASS
Average kernel execution time of conv1d-tiled-caching kernel (block size 1024): 2736.559326 (us)
PASS
1D convolution (FP32)
Average kernel execution time of conv1d kernel (block size 64): 2969.323486 (us)
PASS
Average kernel execution time of conv1d kernel (block size 128): 1506.586426 (us)
PASS
Average kernel execution time of conv1d kernel (block size 256): 1419.948242 (us)
PASS
Average kernel execution time of conv1d kernel (block size 512): 1424.514038 (us)
PASS
Average kernel execution time of conv1d kernel (block size 1024): 1435.285522 (us)
PASS
Average kernel execution time of conv1d-tiled kernel (block size 64): 2970.984619 (us)
PASS
Average kernel execution time of conv1d-tiled kernel (block size 128): 1750.107666 (us)
PASS
Average kernel execution time of conv1d-tiled kernel (block size 256): 1682.170898 (us)
PASS
Average kernel execution time of conv1d-tiled kernel (block size 512): 1672.727539 (us)
PASS
Average kernel execution time of conv1d-tiled kernel (block size 1024): 1704.259399 (us)
PASS
Average kernel execution time of conv1d-tiled-caching kernel (block size 64): 2969.751465 (us)
PASS
Average kernel execution time of conv1d-tiled-caching kernel (block size 128): 1723.352295 (us)
PASS
Average kernel execution time of conv1d-tiled-caching kernel (block size 256): 1639.012207 (us)
PASS
Average kernel execution time of conv1d-tiled-caching kernel (block size 512): 1661.041382 (us)
PASS
Average kernel execution time of conv1d-tiled-caching kernel (block size 1024): 1644.427979 (us)
PASS
1D convolution (INT16)
Average kernel execution time of conv1d kernel (block size 64): 2967.693115 (us)
PASS
Average kernel execution time of conv1d kernel (block size 128): 1487.763794 (us)
PASS
Average kernel execution time of conv1d kernel (block size 256): 1131.213257 (us)
PASS
Average kernel execution time of conv1d kernel (block size 512): 1103.453003 (us)
PASS
Average kernel execution time of conv1d kernel (block size 1024): 1124.179321 (us)
PASS
Average kernel execution time of conv1d-tiled kernel (block size 64): 2969.019043 (us)
PASS
Average kernel execution time of conv1d-tiled kernel (block size 128): 1497.388550 (us)
PASS
Average kernel execution time of conv1d-tiled kernel (block size 256): 1342.004883 (us)
PASS
Average kernel execution time of conv1d-tiled kernel (block size 512): 1292.789673 (us)
PASS
Average kernel execution time of conv1d-tiled kernel (block size 1024): 1308.879639 (us)
PASS
Average kernel execution time of conv1d-tiled-caching kernel (block size 64): 2968.882568 (us)
PASS
Average kernel execution time of conv1d-tiled-caching kernel (block size 128): 1489.037598 (us)
PASS
Average kernel execution time of conv1d-tiled-caching kernel (block size 256): 1295.621460 (us)
PASS
Average kernel execution time of conv1d-tiled-caching kernel (block size 512): 1356.826416 (us)
PASS
Average kernel execution time of conv1d-tiled-caching kernel (block size 1024): 1523.561768 (us)
PASS

---------------------
Mask width: 5
1D convolution (FP64)
Average kernel execution time of conv1d kernel (block size 64): 3174.885254 (us)
PASS
Average kernel execution time of conv1d kernel (block size 128): 2686.527100 (us)
PASS
Average kernel execution time of conv1d kernel (block size 256): 2686.304443 (us)
PASS
Average kernel execution time of conv1d kernel (block size 512): 2690.051758 (us)
PASS
Average kernel execution time of conv1d kernel (block size 1024): 2714.147461 (us)
PASS
Average kernel execution time of conv1d-tiled kernel (block size 64): 2989.799072 (us)
PASS
Average kernel execution time of conv1d-tiled kernel (block size 128): 2833.269043 (us)
PASS
Average kernel execution time of conv1d-tiled kernel (block size 256): 2860.673828 (us)
PASS
Average kernel execution time of conv1d-tiled kernel (block size 512): 2885.481934 (us)
PASS
Average kernel execution time of conv1d-tiled kernel (block size 1024): 2920.484131 (us)
PASS
Average kernel execution time of conv1d-tiled-caching kernel (block size 64): 3002.654785 (us)
PASS
Average kernel execution time of conv1d-tiled-caching kernel (block size 128): 2726.472168 (us)
PASS
Average kernel execution time of conv1d-tiled-caching kernel (block size 256): 2724.778320 (us)
PASS
Average kernel execution time of conv1d-tiled-caching kernel (block size 512): 2735.024170 (us)
PASS
Average kernel execution time of conv1d-tiled-caching kernel (block size 1024): 2754.134277 (us)
PASS
1D convolution (FP32)
Average kernel execution time of conv1d kernel (block size 64): 2965.804443 (us)
PASS
Average kernel execution time of conv1d kernel (block size 128): 1489.798462 (us)
PASS
Average kernel execution time of conv1d kernel (block size 256): 1457.954712 (us)
PASS
Average kernel execution time of conv1d kernel (block size 512): 1435.392212 (us)
PASS
Average kernel execution time of conv1d kernel (block size 1024): 1463.601685 (us)
PASS
Average kernel execution time of conv1d-tiled kernel (block size 64): 2970.443115 (us)
PASS
Average kernel execution time of conv1d-tiled kernel (block size 128): 1810.639038 (us)
PASS
Average kernel execution time of conv1d-tiled kernel (block size 256): 1758.443726 (us)
PASS
Average kernel execution time of conv1d-tiled kernel (block size 512): 1766.064941 (us)
PASS
Average kernel execution time of conv1d-tiled kernel (block size 1024): 1807.873779 (us)
PASS
Average kernel execution time of conv1d-tiled-caching kernel (block size 64): 2970.917236 (us)
PASS
Average kernel execution time of conv1d-tiled-caching kernel (block size 128): 1862.780518 (us)
PASS
Average kernel execution time of conv1d-tiled-caching kernel (block size 256): 1764.463623 (us)
PASS
Average kernel execution time of conv1d-tiled-caching kernel (block size 512): 1776.409058 (us)
PASS
Average kernel execution time of conv1d-tiled-caching kernel (block size 1024): 1838.109863 (us)
PASS
1D convolution (INT16)
Average kernel execution time of conv1d kernel (block size 64): 2967.584717 (us)
PASS
Average kernel execution time of conv1d kernel (block size 128): 1486.652222 (us)
PASS
Average kernel execution time of conv1d kernel (block size 256): 1171.403442 (us)
PASS
Average kernel execution time of conv1d kernel (block size 512): 1170.375244 (us)
PASS
Average kernel execution time of conv1d kernel (block size 1024): 1311.890991 (us)
PASS
Average kernel execution time of conv1d-tiled kernel (block size 64): 2967.711914 (us)
PASS
Average kernel execution time of conv1d-tiled kernel (block size 128): 1563.522949 (us)
PASS
Average kernel execution time of conv1d-tiled kernel (block size 256): 1502.571045 (us)
PASS
Average kernel execution time of conv1d-tiled kernel (block size 512): 1474.352539 (us)
PASS
Average kernel execution time of conv1d-tiled kernel (block size 1024): 1496.255981 (us)
PASS
Average kernel execution time of conv1d-tiled-caching kernel (block size 64): 2967.250000 (us)
PASS
Average kernel execution time of conv1d-tiled-caching kernel (block size 128): 1575.485107 (us)
PASS
Average kernel execution time of conv1d-tiled-caching kernel (block size 256): 1547.662842 (us)
PASS
Average kernel execution time of conv1d-tiled-caching kernel (block size 512): 1599.750488 (us)
PASS
Average kernel execution time of conv1d-tiled-caching kernel (block size 1024): 1689.666992 (us)
PASS

---------------------
Mask width: 7
1D convolution (FP64)
Average kernel execution time of conv1d kernel (block size 64): 2995.445312 (us)
PASS
Average kernel execution time of conv1d kernel (block size 128): 2701.202881 (us)
PASS
Average kernel execution time of conv1d kernel (block size 256): 2703.829102 (us)
PASS
Average kernel execution time of conv1d kernel (block size 512): 2716.418945 (us)
PASS
Average kernel execution time of conv1d kernel (block size 1024): 2716.485107 (us)
PASS
Average kernel execution time of conv1d-tiled kernel (block size 64): 2995.631592 (us)
PASS
Average kernel execution time of conv1d-tiled kernel (block size 128): 2906.770996 (us)
PASS
Average kernel execution time of conv1d-tiled kernel (block size 256): 2964.826904 (us)
PASS
Average kernel execution time of conv1d-tiled kernel (block size 512): 2999.106445 (us)
PASS
Average kernel execution time of conv1d-tiled kernel (block size 1024): 3033.776611 (us)
PASS
Average kernel execution time of conv1d-tiled-caching kernel (block size 64): 3019.337158 (us)
PASS
Average kernel execution time of conv1d-tiled-caching kernel (block size 128): 2767.694092 (us)
PASS
Average kernel execution time of conv1d-tiled-caching kernel (block size 256): 2762.246582 (us)
PASS
Average kernel execution time of conv1d-tiled-caching kernel (block size 512): 2776.907227 (us)
PASS
Average kernel execution time of conv1d-tiled-caching kernel (block size 1024): 2804.605225 (us)
PASS
1D convolution (FP32)
Average kernel execution time of conv1d kernel (block size 64): 3100.161133 (us)
PASS
Average kernel execution time of conv1d kernel (block size 128): 1577.983765 (us)
PASS
Average kernel execution time of conv1d kernel (block size 256): 1549.335938 (us)
PASS
Average kernel execution time of conv1d kernel (block size 512): 1561.453003 (us)
PASS
Average kernel execution time of conv1d kernel (block size 1024): 1601.014526 (us)
PASS
Average kernel execution time of conv1d-tiled kernel (block size 64): 2975.932861 (us)
PASS
Average kernel execution time of conv1d-tiled kernel (block size 128): 1901.815796 (us)
PASS
Average kernel execution time of conv1d-tiled kernel (block size 256): 1887.982178 (us)
PASS
Average kernel execution time of conv1d-tiled kernel (block size 512): 1906.817505 (us)
PASS
Average kernel execution time of conv1d-tiled kernel (block size 1024): 1929.317505 (us)
PASS
Average kernel execution time of conv1d-tiled-caching kernel (block size 64): 2981.199951 (us)
PASS
Average kernel execution time of conv1d-tiled-caching kernel (block size 128): 2053.849609 (us)
PASS
Average kernel execution time of conv1d-tiled-caching kernel (block size 256): 1970.028320 (us)
PASS
Average kernel execution time of conv1d-tiled-caching kernel (block size 512): 2000.139526 (us)
PASS
Average kernel execution time of conv1d-tiled-caching kernel (block size 1024): 2123.903320 (us)
PASS
1D convolution (INT16)
Average kernel execution time of conv1d kernel (block size 64): 2968.624268 (us)
PASS
Average kernel execution time of conv1d kernel (block size 128): 1578.813965 (us)
PASS
Average kernel execution time of conv1d kernel (block size 256): 1535.675171 (us)
PASS
Average kernel execution time of conv1d kernel (block size 512): 1521.206299 (us)
PASS
Average kernel execution time of conv1d kernel (block size 1024): 1592.878418 (us)
PASS
Average kernel execution time of conv1d-tiled kernel (block size 64): 2967.666992 (us)
PASS
Average kernel execution time of conv1d-tiled kernel (block size 128): 1777.376099 (us)
PASS
Average kernel execution time of conv1d-tiled kernel (block size 256): 1713.594482 (us)
PASS
Average kernel execution time of conv1d-tiled kernel (block size 512): 1686.002441 (us)
PASS
Average kernel execution time of conv1d-tiled kernel (block size 1024): 1702.182007 (us)
PASS
Average kernel execution time of conv1d-tiled-caching kernel (block size 64): 2966.345703 (us)
PASS
Average kernel execution time of conv1d-tiled-caching kernel (block size 128): 1968.337646 (us)
PASS
Average kernel execution time of conv1d-tiled-caching kernel (block size 256): 1935.719849 (us)
PASS
Average kernel execution time of conv1d-tiled-caching kernel (block size 512): 1937.117310 (us)
PASS
Average kernel execution time of conv1d-tiled-caching kernel (block size 1024): 2032.271973 (us)
PASS

---------------------
Mask width: 9
1D convolution (FP64)
Average kernel execution time of conv1d kernel (block size 64): 3002.958008 (us)
PASS
Average kernel execution time of conv1d kernel (block size 128): 2703.181885 (us)
PASS
Average kernel execution time of conv1d kernel (block size 256): 2707.164795 (us)
PASS
Average kernel execution time of conv1d kernel (block size 512): 2725.729492 (us)
PASS
Average kernel execution time of conv1d kernel (block size 1024): 2730.919678 (us)
PASS
Average kernel execution time of conv1d-tiled kernel (block size 64): 2996.228516 (us)
PASS
Average kernel execution time of conv1d-tiled kernel (block size 128): 2918.000244 (us)
PASS
Average kernel execution time of conv1d-tiled kernel (block size 256): 2984.630371 (us)
PASS
Average kernel execution time of conv1d-tiled kernel (block size 512): 3044.461670 (us)
PASS
Average kernel execution time of conv1d-tiled kernel (block size 1024): 3077.454590 (us)
PASS
Average kernel execution time of conv1d-tiled-caching kernel (block size 64): 3040.311279 (us)
PASS
Average kernel execution time of conv1d-tiled-caching kernel (block size 128): 2808.760010 (us)
PASS
Average kernel execution time of conv1d-tiled-caching kernel (block size 256): 2801.345215 (us)
PASS
Average kernel execution time of conv1d-tiled-caching kernel (block size 512): 2819.384033 (us)
PASS
Average kernel execution time of conv1d-tiled-caching kernel (block size 1024): 2860.078369 (us)
PASS
1D convolution (FP32)
Average kernel execution time of conv1d kernel (block size 64): 3530.064941 (us)
PASS
Average kernel execution time of conv1d kernel (block size 128): 1662.236816 (us)
PASS
Average kernel execution time of conv1d kernel (block size 256): 1582.504395 (us)
PASS
Average kernel execution time of conv1d kernel (block size 512): 1612.866577 (us)
PASS
Average kernel execution time of conv1d kernel (block size 1024): 1643.550781 (us)
PASS
Average kernel execution time of conv1d-tiled kernel (block size 64): 2974.539062 (us)
PASS
Average kernel execution time of conv1d-tiled kernel (block size 128): 1846.780762 (us)
PASS
Average kernel execution time of conv1d-tiled kernel (block size 256): 1810.712524 (us)
PASS
Average kernel execution time of conv1d-tiled kernel (block size 512): 1826.729004 (us)
PASS
Average kernel execution time of conv1d-tiled kernel (block size 1024): 1909.593262 (us)
PASS
Average kernel execution time of conv1d-tiled-caching kernel (block size 64): 2974.536621 (us)
PASS
Average kernel execution time of conv1d-tiled-caching kernel (block size 128): 2190.803711 (us)
PASS
Average kernel execution time of conv1d-tiled-caching kernel (block size 256): 2110.180664 (us)
PASS
Average kernel execution time of conv1d-tiled-caching kernel (block size 512): 2147.843506 (us)
PASS
Average kernel execution time of conv1d-tiled-caching kernel (block size 1024): 2259.953125 (us)
PASS
1D convolution (INT16)
Average kernel execution time of conv1d kernel (block size 64): 2970.413818 (us)
PASS
Average kernel execution time of conv1d kernel (block size 128): 1733.323853 (us)
PASS
Average kernel execution time of conv1d kernel (block size 256): 1694.380981 (us)
PASS
Average kernel execution time of conv1d kernel (block size 512): 1667.579712 (us)
PASS
Average kernel execution time of conv1d kernel (block size 1024): 1849.390503 (us)
PASS
Average kernel execution time of conv1d-tiled kernel (block size 64): 2969.577393 (us)
PASS
Average kernel execution time of conv1d-tiled kernel (block size 128): 1738.744385 (us)
PASS
Average kernel execution time of conv1d-tiled kernel (block size 256): 1674.760132 (us)
PASS
Average kernel execution time of conv1d-tiled kernel (block size 512): 1660.327759 (us)
PASS
Average kernel execution time of conv1d-tiled kernel (block size 1024): 1672.577148 (us)
PASS
Average kernel execution time of conv1d-tiled-caching kernel (block size 64): 2965.839111 (us)
PASS
Average kernel execution time of conv1d-tiled-caching kernel (block size 128): 2229.124268 (us)
PASS
Average kernel execution time of conv1d-tiled-caching kernel (block size 256): 2182.551025 (us)
PASS
Average kernel execution time of conv1d-tiled-caching kernel (block size 512): 2189.241455 (us)
PASS
Average kernel execution time of conv1d-tiled-caching kernel (block size 1024): 2225.417725 (us)
PASS
