
---------------------
Mask width: 3
1D convolution (FP64)
Average kernel execution time of conv1d kernel (block size 64): 3045.788330 (us)
PASS
Average kernel execution time of conv1d kernel (block size 128): 2680.039062 (us)
PASS
Average kernel execution time of conv1d kernel (block size 256): 2684.612549 (us)
PASS
Average kernel execution time of conv1d kernel (block size 512): 2692.106201 (us)
PASS
Average kernel execution time of conv1d kernel (block size 1024): 2712.446777 (us)
PASS
Average kernel execution time of conv1d-tiled kernel (block size 64): 2986.387207 (us)
PASS
Average kernel execution time of conv1d-tiled kernel (block size 128): 2775.015869 (us)
PASS
Average kernel execution time of conv1d-tiled kernel (block size 256): 2799.067139 (us)
PASS
Average kernel execution time of conv1d-tiled kernel (block size 512): 2804.986572 (us)
PASS
Average kernel execution time of conv1d-tiled kernel (block size 1024): 2813.230225 (us)
PASS
Average kernel execution time of conv1d-tiled-caching kernel (block size 64): 2988.104736 (us)
PASS
Average kernel execution time of conv1d-tiled-caching kernel (block size 128): 2704.210693 (us)
PASS
Average kernel execution time of conv1d-tiled-caching kernel (block size 256): 2707.751465 (us)
PASS
Average kernel execution time of conv1d-tiled-caching kernel (block size 512): 2725.333984 (us)
PASS
Average kernel execution time of conv1d-tiled-caching kernel (block size 1024): 2736.831299 (us)
PASS
1D convolution (FP32)
Average kernel execution time of conv1d kernel (block size 64): 2969.692871 (us)
PASS
Average kernel execution time of conv1d kernel (block size 128): 1506.297852 (us)
PASS
Average kernel execution time of conv1d kernel (block size 256): 1420.259888 (us)
PASS
Average kernel execution time of conv1d kernel (block size 512): 1424.881714 (us)
PASS
Average kernel execution time of conv1d kernel (block size 1024): 1435.638916 (us)
PASS
Average kernel execution time of conv1d-tiled kernel (block size 64): 2971.001465 (us)
PASS
Average kernel execution time of conv1d-tiled kernel (block size 128): 1750.731079 (us)
PASS
Average kernel execution time of conv1d-tiled kernel (block size 256): 1680.890991 (us)
PASS
Average kernel execution time of conv1d-tiled kernel (block size 512): 1673.035278 (us)
PASS
Average kernel execution time of conv1d-tiled kernel (block size 1024): 1703.642822 (us)
PASS
Average kernel execution time of conv1d-tiled-caching kernel (block size 64): 2970.011963 (us)
PASS
Average kernel execution time of conv1d-tiled-caching kernel (block size 128): 1724.990723 (us)
PASS
Average kernel execution time of conv1d-tiled-caching kernel (block size 256): 1638.907349 (us)
PASS
Average kernel execution time of conv1d-tiled-caching kernel (block size 512): 1661.307861 (us)
PASS
Average kernel execution time of conv1d-tiled-caching kernel (block size 1024): 1645.180664 (us)
PASS
1D convolution (INT16)
Average kernel execution time of conv1d kernel (block size 64): 2968.141602 (us)
PASS
Average kernel execution time of conv1d kernel (block size 128): 1488.128784 (us)
PASS
Average kernel execution time of conv1d kernel (block size 256): 1131.852539 (us)
PASS
Average kernel execution time of conv1d kernel (block size 512): 1103.792847 (us)
PASS
Average kernel execution time of conv1d kernel (block size 1024): 1124.080078 (us)
PASS
Average kernel execution time of conv1d-tiled kernel (block size 64): 2969.195557 (us)
PASS
Average kernel execution time of conv1d-tiled kernel (block size 128): 1497.633911 (us)
PASS
Average kernel execution time of conv1d-tiled kernel (block size 256): 1343.568237 (us)
PASS
Average kernel execution time of conv1d-tiled kernel (block size 512): 1293.042725 (us)
PASS
Average kernel execution time of conv1d-tiled kernel (block size 1024): 1309.163208 (us)
PASS
Average kernel execution time of conv1d-tiled-caching kernel (block size 64): 2969.354736 (us)
PASS
Average kernel execution time of conv1d-tiled-caching kernel (block size 128): 1489.194214 (us)
PASS
Average kernel execution time of conv1d-tiled-caching kernel (block size 256): 1296.260376 (us)
PASS
Average kernel execution time of conv1d-tiled-caching kernel (block size 512): 1356.848389 (us)
PASS
Average kernel execution time of conv1d-tiled-caching kernel (block size 1024): 1523.269409 (us)
PASS

---------------------
Mask width: 5
1D convolution (FP64)
Average kernel execution time of conv1d kernel (block size 64): 3036.510010 (us)
PASS
Average kernel execution time of conv1d kernel (block size 128): 2685.926514 (us)
PASS
Average kernel execution time of conv1d kernel (block size 256): 2686.549805 (us)
PASS
Average kernel execution time of conv1d kernel (block size 512): 2690.753418 (us)
PASS
Average kernel execution time of conv1d kernel (block size 1024): 2715.382568 (us)
PASS
Average kernel execution time of conv1d-tiled kernel (block size 64): 2990.082275 (us)
PASS
Average kernel execution time of conv1d-tiled kernel (block size 128): 2833.233154 (us)
PASS
Average kernel execution time of conv1d-tiled kernel (block size 256): 2862.164062 (us)
PASS
Average kernel execution time of conv1d-tiled kernel (block size 512): 2883.480225 (us)
PASS
Average kernel execution time of conv1d-tiled kernel (block size 1024): 2919.715088 (us)
PASS
Average kernel execution time of conv1d-tiled-caching kernel (block size 64): 3002.653076 (us)
PASS
Average kernel execution time of conv1d-tiled-caching kernel (block size 128): 2731.485840 (us)
PASS
Average kernel execution time of conv1d-tiled-caching kernel (block size 256): 2724.240723 (us)
PASS
Average kernel execution time of conv1d-tiled-caching kernel (block size 512): 2734.630859 (us)
PASS
Average kernel execution time of conv1d-tiled-caching kernel (block size 1024): 2753.463379 (us)
PASS
1D convolution (FP32)
Average kernel execution time of conv1d kernel (block size 64): 2967.071289 (us)
PASS
Average kernel execution time of conv1d kernel (block size 128): 1489.669800 (us)
PASS
Average kernel execution time of conv1d kernel (block size 256): 1457.815186 (us)
PASS
Average kernel execution time of conv1d kernel (block size 512): 1434.914185 (us)
PASS
Average kernel execution time of conv1d kernel (block size 1024): 1463.152710 (us)
PASS
Average kernel execution time of conv1d-tiled kernel (block size 64): 2970.677734 (us)
PASS
Average kernel execution time of conv1d-tiled kernel (block size 128): 1807.508423 (us)
PASS
Average kernel execution time of conv1d-tiled kernel (block size 256): 1757.491577 (us)
PASS
Average kernel execution time of conv1d-tiled kernel (block size 512): 1765.037354 (us)
PASS
Average kernel execution time of conv1d-tiled kernel (block size 1024): 1807.666992 (us)
PASS
Average kernel execution time of conv1d-tiled-caching kernel (block size 64): 2970.684570 (us)
PASS
Average kernel execution time of conv1d-tiled-caching kernel (block size 128): 1862.866455 (us)
PASS
Average kernel execution time of conv1d-tiled-caching kernel (block size 256): 1762.615479 (us)
PASS
Average kernel execution time of conv1d-tiled-caching kernel (block size 512): 1775.365479 (us)
PASS
Average kernel execution time of conv1d-tiled-caching kernel (block size 1024): 1838.250488 (us)
PASS
1D convolution (INT16)
Average kernel execution time of conv1d kernel (block size 64): 2968.089111 (us)
PASS
Average kernel execution time of conv1d kernel (block size 128): 1486.776611 (us)
PASS
Average kernel execution time of conv1d kernel (block size 256): 1170.814087 (us)
PASS
Average kernel execution time of conv1d kernel (block size 512): 1170.431274 (us)
PASS
Average kernel execution time of conv1d kernel (block size 1024): 1311.627930 (us)
PASS
Average kernel execution time of conv1d-tiled kernel (block size 64): 2968.029785 (us)
PASS
Average kernel execution time of conv1d-tiled kernel (block size 128): 1563.846680 (us)
PASS
Average kernel execution time of conv1d-tiled kernel (block size 256): 1502.804688 (us)
PASS
Average kernel execution time of conv1d-tiled kernel (block size 512): 1473.632324 (us)
PASS
Average kernel execution time of conv1d-tiled kernel (block size 1024): 1496.181152 (us)
PASS
Average kernel execution time of conv1d-tiled-caching kernel (block size 64): 2967.292480 (us)
PASS
Average kernel execution time of conv1d-tiled-caching kernel (block size 128): 1575.301147 (us)
PASS
Average kernel execution time of conv1d-tiled-caching kernel (block size 256): 1548.242554 (us)
PASS
Average kernel execution time of conv1d-tiled-caching kernel (block size 512): 1599.449707 (us)
PASS
Average kernel execution time of conv1d-tiled-caching kernel (block size 1024): 1689.812500 (us)
PASS

---------------------
Mask width: 7
1D convolution (FP64)
Average kernel execution time of conv1d kernel (block size 64): 2995.356201 (us)
PASS
Average kernel execution time of conv1d kernel (block size 128): 2701.962158 (us)
PASS
Average kernel execution time of conv1d kernel (block size 256): 2704.508545 (us)
PASS
Average kernel execution time of conv1d kernel (block size 512): 2716.177246 (us)
PASS
Average kernel execution time of conv1d kernel (block size 1024): 2716.102295 (us)
PASS
Average kernel execution time of conv1d-tiled kernel (block size 64): 2995.169678 (us)
PASS
Average kernel execution time of conv1d-tiled kernel (block size 128): 2905.464355 (us)
PASS
Average kernel execution time of conv1d-tiled kernel (block size 256): 2962.037109 (us)
PASS
Average kernel execution time of conv1d-tiled kernel (block size 512): 2998.996338 (us)
PASS
Average kernel execution time of conv1d-tiled kernel (block size 1024): 3034.219482 (us)
PASS
Average kernel execution time of conv1d-tiled-caching kernel (block size 64): 3019.176514 (us)
PASS
Average kernel execution time of conv1d-tiled-caching kernel (block size 128): 2770.156494 (us)
PASS
Average kernel execution time of conv1d-tiled-caching kernel (block size 256): 2762.086914 (us)
PASS
Average kernel execution time of conv1d-tiled-caching kernel (block size 512): 2776.780273 (us)
PASS
Average kernel execution time of conv1d-tiled-caching kernel (block size 1024): 2805.032471 (us)
PASS
1D convolution (FP32)
Average kernel execution time of conv1d kernel (block size 64): 3372.540527 (us)
PASS
Average kernel execution time of conv1d kernel (block size 128): 1578.289429 (us)
PASS
Average kernel execution time of conv1d kernel (block size 256): 1548.487915 (us)
PASS
Average kernel execution time of conv1d kernel (block size 512): 1560.417480 (us)
PASS
Average kernel execution time of conv1d kernel (block size 1024): 1600.923096 (us)
PASS
Average kernel execution time of conv1d-tiled kernel (block size 64): 2975.050293 (us)
PASS
Average kernel execution time of conv1d-tiled kernel (block size 128): 1901.363892 (us)
PASS
Average kernel execution time of conv1d-tiled kernel (block size 256): 1889.561401 (us)
PASS
Average kernel execution time of conv1d-tiled kernel (block size 512): 1909.817993 (us)
PASS
Average kernel execution time of conv1d-tiled kernel (block size 1024): 1928.469116 (us)
PASS
Average kernel execution time of conv1d-tiled-caching kernel (block size 64): 2982.341797 (us)
PASS
Average kernel execution time of conv1d-tiled-caching kernel (block size 128): 2054.650391 (us)
PASS
Average kernel execution time of conv1d-tiled-caching kernel (block size 256): 1969.406616 (us)
PASS
Average kernel execution time of conv1d-tiled-caching kernel (block size 512): 2000.034790 (us)
PASS
Average kernel execution time of conv1d-tiled-caching kernel (block size 1024): 2124.096924 (us)
PASS
1D convolution (INT16)
Average kernel execution time of conv1d kernel (block size 64): 2969.129639 (us)
PASS
Average kernel execution time of conv1d kernel (block size 128): 1579.238159 (us)
PASS
Average kernel execution time of conv1d kernel (block size 256): 1535.994995 (us)
PASS
Average kernel execution time of conv1d kernel (block size 512): 1521.210815 (us)
PASS
Average kernel execution time of conv1d kernel (block size 1024): 1592.688599 (us)
PASS
Average kernel execution time of conv1d-tiled kernel (block size 64): 2968.291504 (us)
PASS
Average kernel execution time of conv1d-tiled kernel (block size 128): 1777.598755 (us)
PASS
Average kernel execution time of conv1d-tiled kernel (block size 256): 1713.708862 (us)
PASS
Average kernel execution time of conv1d-tiled kernel (block size 512): 1685.633789 (us)
PASS
Average kernel execution time of conv1d-tiled kernel (block size 1024): 1702.907837 (us)
PASS
Average kernel execution time of conv1d-tiled-caching kernel (block size 64): 2966.655518 (us)
PASS
Average kernel execution time of conv1d-tiled-caching kernel (block size 128): 1968.545776 (us)
PASS
Average kernel execution time of conv1d-tiled-caching kernel (block size 256): 1935.702393 (us)
PASS
Average kernel execution time of conv1d-tiled-caching kernel (block size 512): 1937.185669 (us)
PASS
Average kernel execution time of conv1d-tiled-caching kernel (block size 1024): 2032.390747 (us)
PASS

---------------------
Mask width: 9
1D convolution (FP64)
Average kernel execution time of conv1d kernel (block size 64): 3003.108398 (us)
PASS
Average kernel execution time of conv1d kernel (block size 128): 2702.966797 (us)
PASS
Average kernel execution time of conv1d kernel (block size 256): 2707.612793 (us)
PASS
Average kernel execution time of conv1d kernel (block size 512): 2725.998779 (us)
PASS
Average kernel execution time of conv1d kernel (block size 1024): 2730.217285 (us)
PASS
Average kernel execution time of conv1d-tiled kernel (block size 64): 2996.791016 (us)
PASS
Average kernel execution time of conv1d-tiled kernel (block size 128): 2918.337402 (us)
PASS
Average kernel execution time of conv1d-tiled kernel (block size 256): 2983.596680 (us)
PASS
Average kernel execution time of conv1d-tiled kernel (block size 512): 3045.384766 (us)
PASS
Average kernel execution time of conv1d-tiled kernel (block size 1024): 3078.585205 (us)
PASS
Average kernel execution time of conv1d-tiled-caching kernel (block size 64): 3039.686035 (us)
PASS
Average kernel execution time of conv1d-tiled-caching kernel (block size 128): 2811.303711 (us)
PASS
Average kernel execution time of conv1d-tiled-caching kernel (block size 256): 2801.506592 (us)
PASS
Average kernel execution time of conv1d-tiled-caching kernel (block size 512): 2820.032227 (us)
PASS
Average kernel execution time of conv1d-tiled-caching kernel (block size 1024): 2859.942383 (us)
PASS
1D convolution (FP32)
Average kernel execution time of conv1d kernel (block size 64): 3377.216309 (us)
PASS
Average kernel execution time of conv1d kernel (block size 128): 1595.260498 (us)
PASS
Average kernel execution time of conv1d kernel (block size 256): 1583.882324 (us)
PASS
Average kernel execution time of conv1d kernel (block size 512): 1613.512695 (us)
PASS
Average kernel execution time of conv1d kernel (block size 1024): 1644.492798 (us)
PASS
Average kernel execution time of conv1d-tiled kernel (block size 64): 2974.363770 (us)
PASS
Average kernel execution time of conv1d-tiled kernel (block size 128): 1846.187500 (us)
PASS
Average kernel execution time of conv1d-tiled kernel (block size 256): 1812.085205 (us)
PASS
Average kernel execution time of conv1d-tiled kernel (block size 512): 1826.514526 (us)
PASS
Average kernel execution time of conv1d-tiled kernel (block size 1024): 1906.765625 (us)
PASS
Average kernel execution time of conv1d-tiled-caching kernel (block size 64): 2974.215332 (us)
PASS
Average kernel execution time of conv1d-tiled-caching kernel (block size 128): 2190.359619 (us)
PASS
Average kernel execution time of conv1d-tiled-caching kernel (block size 256): 2109.144775 (us)
PASS
Average kernel execution time of conv1d-tiled-caching kernel (block size 512): 2147.354004 (us)
PASS
Average kernel execution time of conv1d-tiled-caching kernel (block size 1024): 2259.322266 (us)
PASS
1D convolution (INT16)
Average kernel execution time of conv1d kernel (block size 64): 2969.762695 (us)
PASS
Average kernel execution time of conv1d kernel (block size 128): 1732.560669 (us)
PASS
Average kernel execution time of conv1d kernel (block size 256): 1693.518921 (us)
PASS
Average kernel execution time of conv1d kernel (block size 512): 1667.138794 (us)
PASS
Average kernel execution time of conv1d kernel (block size 1024): 1848.698486 (us)
PASS
Average kernel execution time of conv1d-tiled kernel (block size 64): 2969.256836 (us)
PASS
Average kernel execution time of conv1d-tiled kernel (block size 128): 1738.379272 (us)
PASS
Average kernel execution time of conv1d-tiled kernel (block size 256): 1674.036865 (us)
PASS
Average kernel execution time of conv1d-tiled kernel (block size 512): 1658.979736 (us)
PASS
Average kernel execution time of conv1d-tiled kernel (block size 1024): 1671.055786 (us)
PASS
Average kernel execution time of conv1d-tiled-caching kernel (block size 64): 2966.061279 (us)
PASS
Average kernel execution time of conv1d-tiled-caching kernel (block size 128): 2228.872559 (us)
PASS
Average kernel execution time of conv1d-tiled-caching kernel (block size 256): 2182.439453 (us)
PASS
Average kernel execution time of conv1d-tiled-caching kernel (block size 512): 2188.258057 (us)
PASS
Average kernel execution time of conv1d-tiled-caching kernel (block size 1024): 2224.943604 (us)
PASS
