3D convolution (FP32)

========== Warmup start ==========
input dimensions: C=6 Win=14 Hin=14
output dimensions: M=16 Wout=10 Hout=10
3D grid dimensions: N=32 M=16 Z=1
Average kernel execution time of conv3d_s1 kernel: 17.634485 (us)
PASS
Average kernel execution time of conv3d_s2 kernel: 19.159815 (us)
PASS
Average kernel execution time of conv3d_s3 kernel: 17.506168 (us)
PASS

========== Warmup done ==========
input dimensions: C=6 Win=14 Hin=14
output dimensions: M=16 Wout=10 Hout=10
3D grid dimensions: N=32 M=16 Z=1
Average kernel execution time of conv3d_s1 kernel: 17.553770 (us)
PASS
Average kernel execution time of conv3d_s2 kernel: 19.145170 (us)
PASS
Average kernel execution time of conv3d_s3 kernel: 17.533691 (us)
PASS
3D convolution (FP32)

========== Warmup start ==========
input dimensions: C=96 Win=26 Hin=26
output dimensions: M=256 Wout=22 Hout=22
3D grid dimensions: N=32 M=256 Z=4
Average kernel execution time of conv3d_s1 kernel: 13238.733398 (us)
PASS
Average kernel execution time of conv3d_s2 kernel: 13110.883789 (us)
PASS
Average kernel execution time of conv3d_s3 kernel: 14097.202148 (us)
PASS

========== Warmup done ==========
input dimensions: C=96 Win=26 Hin=26
output dimensions: M=256 Wout=22 Hout=22
3D grid dimensions: N=32 M=256 Z=4
Average kernel execution time of conv3d_s1 kernel: 13568.465820 (us)
PASS
Average kernel execution time of conv3d_s2 kernel: 13148.456055 (us)
PASS
Average kernel execution time of conv3d_s3 kernel: 14096.987305 (us)
PASS
