3D convolution (FP32)

========== Warmup start ==========
input dimensions: C=6 Win=14 Hin=14
output dimensions: M=16 Wout=10 Hout=10
3D grid dimensions: N=32 M=16 Z=1
Average kernel execution time of conv3d_s1 kernel: 17.681442 (us)
PASS
Average kernel execution time of conv3d_s2 kernel: 19.204220 (us)
PASS
Average kernel execution time of conv3d_s3 kernel: 17.571558 (us)
PASS

========== Warmup done ==========
input dimensions: C=6 Win=14 Hin=14
output dimensions: M=16 Wout=10 Hout=10
3D grid dimensions: N=32 M=16 Z=1
Average kernel execution time of conv3d_s1 kernel: 17.658710 (us)
PASS
Average kernel execution time of conv3d_s2 kernel: 19.243320 (us)
PASS
Average kernel execution time of conv3d_s3 kernel: 17.586601 (us)
PASS
3D convolution (FP32)

========== Warmup start ==========
input dimensions: C=96 Win=26 Hin=26
output dimensions: M=256 Wout=22 Hout=22
3D grid dimensions: N=32 M=256 Z=4
Average kernel execution time of conv3d_s1 kernel: 13240.840820 (us)
PASS
Average kernel execution time of conv3d_s2 kernel: 13111.501953 (us)
PASS
Average kernel execution time of conv3d_s3 kernel: 14096.021484 (us)
PASS

========== Warmup done ==========
input dimensions: C=96 Win=26 Hin=26
output dimensions: M=256 Wout=22 Hout=22
3D grid dimensions: N=32 M=256 Z=4
Average kernel execution time of conv3d_s1 kernel: 13612.517578 (us)
PASS
Average kernel execution time of conv3d_s2 kernel: 13112.168945 (us)
PASS
Average kernel execution time of conv3d_s3 kernel: 14093.655273 (us)
PASS
