Array size: 200 MB
Repeat the kernel execution: 100 times
Device name: Tesla V100-SXM2-32GB
Thread block size: 128, The average performance of reduction is 691.094 GBytes/sec
VERIFICATION: PASS

Thread block size: 128, The average performance of reduction is 845.17 GBytes/sec
VERIFICATION: PASS

Thread block size: 128, The average performance of reduction is 851.729 GBytes/sec
VERIFICATION: PASS

Thread block size: 128, The average performance of reduction is 834.673 GBytes/sec
VERIFICATION: PASS

Thread block size: 128, The average performance of reduction is 722.49 GBytes/sec
VERIFICATION: PASS

Thread block size: 256, The average performance of reduction is 703.595 GBytes/sec
VERIFICATION: PASS

Thread block size: 256, The average performance of reduction is 837.439 GBytes/sec
VERIFICATION: PASS

Thread block size: 256, The average performance of reduction is 863.378 GBytes/sec
VERIFICATION: PASS

Thread block size: 256, The average performance of reduction is 846.157 GBytes/sec
VERIFICATION: PASS

Thread block size: 256, The average performance of reduction is 728.684 GBytes/sec
VERIFICATION: PASS

Thread block size: 512, The average performance of reduction is 752.993 GBytes/sec
VERIFICATION: PASS

Thread block size: 512, The average performance of reduction is 825.838 GBytes/sec
VERIFICATION: PASS

Thread block size: 512, The average performance of reduction is 850.771 GBytes/sec
VERIFICATION: PASS

Thread block size: 512, The average performance of reduction is 789.088 GBytes/sec
VERIFICATION: PASS

Thread block size: 512, The average performance of reduction is 688.185 GBytes/sec
VERIFICATION: PASS

Thread block size: 1024, The average performance of reduction is 770.264 GBytes/sec
VERIFICATION: PASS

Thread block size: 1024, The average performance of reduction is 849.124 GBytes/sec
VERIFICATION: PASS

Thread block size: 1024, The average performance of reduction is 848.097 GBytes/sec
VERIFICATION: PASS

Thread block size: 1024, The average performance of reduction is 828.573 GBytes/sec
VERIFICATION: PASS

Thread block size: 1024, The average performance of reduction is 587.564 GBytes/sec
VERIFICATION: PASS

