Array size: 200 MB
Repeat the kernel execution: 100 times
Device name: Tesla V100-SXM2-32GB
Thread block size: 128, The average performance of reduction is 690.845 GBytes/sec
VERIFICATION: PASS

Thread block size: 128, The average performance of reduction is 845.385 GBytes/sec
VERIFICATION: PASS

Thread block size: 128, The average performance of reduction is 850.25 GBytes/sec
VERIFICATION: PASS

Thread block size: 128, The average performance of reduction is 834.951 GBytes/sec
VERIFICATION: PASS

Thread block size: 128, The average performance of reduction is 722.35 GBytes/sec
VERIFICATION: PASS

Thread block size: 256, The average performance of reduction is 703.779 GBytes/sec
VERIFICATION: PASS

Thread block size: 256, The average performance of reduction is 837.293 GBytes/sec
VERIFICATION: PASS

Thread block size: 256, The average performance of reduction is 863.444 GBytes/sec
VERIFICATION: PASS

Thread block size: 256, The average performance of reduction is 845.728 GBytes/sec
VERIFICATION: PASS

Thread block size: 256, The average performance of reduction is 727.798 GBytes/sec
VERIFICATION: PASS

Thread block size: 512, The average performance of reduction is 752.144 GBytes/sec
VERIFICATION: PASS

Thread block size: 512, The average performance of reduction is 825.713 GBytes/sec
VERIFICATION: PASS

Thread block size: 512, The average performance of reduction is 851.034 GBytes/sec
VERIFICATION: PASS

Thread block size: 512, The average performance of reduction is 787.773 GBytes/sec
VERIFICATION: PASS

Thread block size: 512, The average performance of reduction is 686.496 GBytes/sec
VERIFICATION: PASS

Thread block size: 1024, The average performance of reduction is 770.672 GBytes/sec
VERIFICATION: PASS

Thread block size: 1024, The average performance of reduction is 848.97 GBytes/sec
VERIFICATION: PASS

Thread block size: 1024, The average performance of reduction is 848.844 GBytes/sec
VERIFICATION: PASS

Thread block size: 1024, The average performance of reduction is 827.278 GBytes/sec
VERIFICATION: PASS

Thread block size: 1024, The average performance of reduction is 587.357 GBytes/sec
VERIFICATION: PASS

