Array size: 200 MB
Repeat the kernel execution: 100 times
Device name: Tesla V100-SXM2-32GB
Thread block size: 128, The average performance of reduction is 690.961 GBytes/sec
VERIFICATION: PASS

Thread block size: 128, The average performance of reduction is 845.262 GBytes/sec
VERIFICATION: PASS

Thread block size: 128, The average performance of reduction is 850.095 GBytes/sec
VERIFICATION: PASS

Thread block size: 128, The average performance of reduction is 833.942 GBytes/sec
VERIFICATION: PASS

Thread block size: 128, The average performance of reduction is 721.293 GBytes/sec
VERIFICATION: PASS

Thread block size: 256, The average performance of reduction is 702.676 GBytes/sec
VERIFICATION: PASS

Thread block size: 256, The average performance of reduction is 836.973 GBytes/sec
VERIFICATION: PASS

Thread block size: 256, The average performance of reduction is 862.787 GBytes/sec
VERIFICATION: PASS

Thread block size: 256, The average performance of reduction is 845.469 GBytes/sec
VERIFICATION: PASS

Thread block size: 256, The average performance of reduction is 727.73 GBytes/sec
VERIFICATION: PASS

Thread block size: 512, The average performance of reduction is 752.773 GBytes/sec
VERIFICATION: PASS

Thread block size: 512, The average performance of reduction is 826.135 GBytes/sec
VERIFICATION: PASS

Thread block size: 512, The average performance of reduction is 850.346 GBytes/sec
VERIFICATION: PASS

Thread block size: 512, The average performance of reduction is 787.227 GBytes/sec
VERIFICATION: PASS

Thread block size: 512, The average performance of reduction is 686.451 GBytes/sec
VERIFICATION: PASS

Thread block size: 1024, The average performance of reduction is 770.225 GBytes/sec
VERIFICATION: PASS

Thread block size: 1024, The average performance of reduction is 848.842 GBytes/sec
VERIFICATION: PASS

Thread block size: 1024, The average performance of reduction is 848.15 GBytes/sec
VERIFICATION: PASS

Thread block size: 1024, The average performance of reduction is 827.551 GBytes/sec
VERIFICATION: PASS

Thread block size: 1024, The average performance of reduction is 591.136 GBytes/sec
VERIFICATION: PASS

