Array size: 200 MB
Repeat the kernel execution: 100 times
Device name: Tesla V100-SXM2-32GB
Thread block size: 128, The average performance of reduction is 690.737 GBytes/sec
VERIFICATION: PASS

Thread block size: 128, The average performance of reduction is 845.115 GBytes/sec
VERIFICATION: PASS

Thread block size: 128, The average performance of reduction is 851.461 GBytes/sec
VERIFICATION: PASS

Thread block size: 128, The average performance of reduction is 834.652 GBytes/sec
VERIFICATION: PASS

Thread block size: 128, The average performance of reduction is 721.925 GBytes/sec
VERIFICATION: PASS

Thread block size: 256, The average performance of reduction is 703.622 GBytes/sec
VERIFICATION: PASS

Thread block size: 256, The average performance of reduction is 837.271 GBytes/sec
VERIFICATION: PASS

Thread block size: 256, The average performance of reduction is 863.364 GBytes/sec
VERIFICATION: PASS

Thread block size: 256, The average performance of reduction is 845.999 GBytes/sec
VERIFICATION: PASS

Thread block size: 256, The average performance of reduction is 727.787 GBytes/sec
VERIFICATION: PASS

Thread block size: 512, The average performance of reduction is 752.078 GBytes/sec
VERIFICATION: PASS

Thread block size: 512, The average performance of reduction is 825.923 GBytes/sec
VERIFICATION: PASS

Thread block size: 512, The average performance of reduction is 850.137 GBytes/sec
VERIFICATION: PASS

Thread block size: 512, The average performance of reduction is 786.761 GBytes/sec
VERIFICATION: PASS

Thread block size: 512, The average performance of reduction is 684.951 GBytes/sec
VERIFICATION: PASS

Thread block size: 1024, The average performance of reduction is 770.228 GBytes/sec
VERIFICATION: PASS

Thread block size: 1024, The average performance of reduction is 848.729 GBytes/sec
VERIFICATION: PASS

Thread block size: 1024, The average performance of reduction is 848.409 GBytes/sec
VERIFICATION: PASS

Thread block size: 1024, The average performance of reduction is 827.843 GBytes/sec
VERIFICATION: PASS

Thread block size: 1024, The average performance of reduction is 591.394 GBytes/sec
VERIFICATION: PASS

