
The number of elements to scan in a thread block: 128
PASS
PASS
PASS
PASS
PASS
PASS
PASS
PASS

The number of elements to scan in a thread block: 128
Element size in bytes is 1. Average execution time of scan (w/  bank conflicts): 3090.136963 (us)
Element size in bytes is 1. Average execution time of scan (w/o bank conflicts): 3520.707275 (us). Reduce the time by -13.9%
Element size in bytes is 2. Average execution time of scan (w/  bank conflicts): 3649.594482 (us)
Element size in bytes is 2. Average execution time of scan (w/o bank conflicts): 3712.609619 (us). Reduce the time by -1.7%
Element size in bytes is 4. Average execution time of scan (w/  bank conflicts): 4890.393555 (us)
Element size in bytes is 4. Average execution time of scan (w/o bank conflicts): 3519.659424 (us). Reduce the time by 28.0%
Element size in bytes is 8. Average execution time of scan (w/  bank conflicts): 8376.464844 (us)
Element size in bytes is 8. Average execution time of scan (w/o bank conflicts): 6130.649414 (us). Reduce the time by 26.8%

The number of elements to scan in a thread block: 256
PASS
PASS
PASS
PASS
PASS
PASS
PASS
PASS

The number of elements to scan in a thread block: 256
Element size in bytes is 1. Average execution time of scan (w/  bank conflicts): 3199.674072 (us)
Element size in bytes is 1. Average execution time of scan (w/o bank conflicts): 3365.587402 (us). Reduce the time by -5.2%
Element size in bytes is 2. Average execution time of scan (w/  bank conflicts): 3771.481934 (us)
Element size in bytes is 2. Average execution time of scan (w/o bank conflicts): 3535.066895 (us). Reduce the time by 6.3%
Element size in bytes is 4. Average execution time of scan (w/  bank conflicts): 5030.908203 (us)
Element size in bytes is 4. Average execution time of scan (w/o bank conflicts): 3252.261963 (us). Reduce the time by 35.4%
Element size in bytes is 8. Average execution time of scan (w/  bank conflicts): 8350.682617 (us)
Element size in bytes is 8. Average execution time of scan (w/o bank conflicts): 8026.553711 (us). Reduce the time by 3.9%

The number of elements to scan in a thread block: 512
PASS
PASS
PASS
PASS
PASS
PASS
PASS
PASS

The number of elements to scan in a thread block: 512
Element size in bytes is 1. Average execution time of scan (w/  bank conflicts): 3359.609131 (us)
Element size in bytes is 1. Average execution time of scan (w/o bank conflicts): 3827.278809 (us). Reduce the time by -13.9%
Element size in bytes is 2. Average execution time of scan (w/  bank conflicts): 3948.935303 (us)
Element size in bytes is 2. Average execution time of scan (w/o bank conflicts): 3816.436279 (us). Reduce the time by 3.4%
Element size in bytes is 4. Average execution time of scan (w/  bank conflicts): 5225.692383 (us)
Element size in bytes is 4. Average execution time of scan (w/o bank conflicts): 3715.966553 (us). Reduce the time by 28.9%
Element size in bytes is 8. Average execution time of scan (w/  bank conflicts): 8359.200195 (us)
Element size in bytes is 8. Average execution time of scan (w/o bank conflicts): 6358.314453 (us). Reduce the time by 23.9%

The number of elements to scan in a thread block: 1024
PASS
PASS
PASS
PASS
PASS
PASS
PASS
PASS

The number of elements to scan in a thread block: 1024
Element size in bytes is 1. Average execution time of scan (w/  bank conflicts): 3607.259033 (us)
Element size in bytes is 1. Average execution time of scan (w/o bank conflicts): 3979.508545 (us). Reduce the time by -10.3%
Element size in bytes is 2. Average execution time of scan (w/  bank conflicts): 4185.007324 (us)
Element size in bytes is 2. Average execution time of scan (w/o bank conflicts): 4159.859375 (us). Reduce the time by 0.6%
Element size in bytes is 4. Average execution time of scan (w/  bank conflicts): 5603.966797 (us)
Element size in bytes is 4. Average execution time of scan (w/o bank conflicts): 4014.479004 (us). Reduce the time by 28.4%
Element size in bytes is 8. Average execution time of scan (w/  bank conflicts): 8280.920898 (us)
Element size in bytes is 8. Average execution time of scan (w/o bank conflicts): 6588.180664 (us). Reduce the time by 20.4%

The number of elements to scan in a thread block: 2048
PASS
PASS
PASS
PASS
PASS
PASS
PASS
PASS

The number of elements to scan in a thread block: 2048
Element size in bytes is 1. Average execution time of scan (w/  bank conflicts): 4031.481201 (us)
Element size in bytes is 1. Average execution time of scan (w/o bank conflicts): 5139.878418 (us). Reduce the time by -27.5%
Element size in bytes is 2. Average execution time of scan (w/  bank conflicts): 4684.872070 (us)
Element size in bytes is 2. Average execution time of scan (w/o bank conflicts): 5398.370605 (us). Reduce the time by -15.2%
Element size in bytes is 4. Average execution time of scan (w/  bank conflicts): 6118.226074 (us)
Element size in bytes is 4. Average execution time of scan (w/o bank conflicts): 5618.394531 (us). Reduce the time by 8.2%
Element size in bytes is 8. Average execution time of scan (w/  bank conflicts): 8846.008789 (us)
Element size in bytes is 8. Average execution time of scan (w/o bank conflicts): 8001.771973 (us). Reduce the time by 9.5%
