
The number of elements to scan in a thread block: 128
PASS
PASS
PASS
PASS
PASS
PASS
PASS
PASS

The number of elements to scan in a thread block: 128
Element size in bytes is 1. Average execution time of scan (w/  bank conflicts): 3089.771484 (us)
Element size in bytes is 1. Average execution time of scan (w/o bank conflicts): 3514.133789 (us). Reduce the time by -13.7%
Element size in bytes is 2. Average execution time of scan (w/  bank conflicts): 3646.302734 (us)
Element size in bytes is 2. Average execution time of scan (w/o bank conflicts): 3709.122803 (us). Reduce the time by -1.7%
Element size in bytes is 4. Average execution time of scan (w/  bank conflicts): 4890.294434 (us)
Element size in bytes is 4. Average execution time of scan (w/o bank conflicts): 3517.607178 (us). Reduce the time by 28.1%
Element size in bytes is 8. Average execution time of scan (w/  bank conflicts): 8368.602539 (us)
Element size in bytes is 8. Average execution time of scan (w/o bank conflicts): 6132.362305 (us). Reduce the time by 26.7%

The number of elements to scan in a thread block: 256
PASS
PASS
PASS
PASS
PASS
PASS
PASS
PASS

The number of elements to scan in a thread block: 256
Element size in bytes is 1. Average execution time of scan (w/  bank conflicts): 3197.839355 (us)
Element size in bytes is 1. Average execution time of scan (w/o bank conflicts): 3362.579102 (us). Reduce the time by -5.2%
Element size in bytes is 2. Average execution time of scan (w/  bank conflicts): 3770.596191 (us)
Element size in bytes is 2. Average execution time of scan (w/o bank conflicts): 3533.918701 (us). Reduce the time by 6.3%
Element size in bytes is 4. Average execution time of scan (w/  bank conflicts): 5030.148926 (us)
Element size in bytes is 4. Average execution time of scan (w/o bank conflicts): 3253.451660 (us). Reduce the time by 35.3%
Element size in bytes is 8. Average execution time of scan (w/  bank conflicts): 8360.911133 (us)
Element size in bytes is 8. Average execution time of scan (w/o bank conflicts): 8023.316406 (us). Reduce the time by 4.0%

The number of elements to scan in a thread block: 512
PASS
PASS
PASS
PASS
PASS
PASS
PASS
PASS

The number of elements to scan in a thread block: 512
Element size in bytes is 1. Average execution time of scan (w/  bank conflicts): 3360.059570 (us)
Element size in bytes is 1. Average execution time of scan (w/o bank conflicts): 3827.166992 (us). Reduce the time by -13.9%
Element size in bytes is 2. Average execution time of scan (w/  bank conflicts): 3948.317871 (us)
Element size in bytes is 2. Average execution time of scan (w/o bank conflicts): 3811.787598 (us). Reduce the time by 3.5%
Element size in bytes is 4. Average execution time of scan (w/  bank conflicts): 5225.778320 (us)
Element size in bytes is 4. Average execution time of scan (w/o bank conflicts): 3714.716797 (us). Reduce the time by 28.9%
Element size in bytes is 8. Average execution time of scan (w/  bank conflicts): 8364.494141 (us)
Element size in bytes is 8. Average execution time of scan (w/o bank conflicts): 6359.353516 (us). Reduce the time by 24.0%

The number of elements to scan in a thread block: 1024
PASS
PASS
PASS
PASS
PASS
PASS
PASS
PASS

The number of elements to scan in a thread block: 1024
Element size in bytes is 1. Average execution time of scan (w/  bank conflicts): 3607.286865 (us)
Element size in bytes is 1. Average execution time of scan (w/o bank conflicts): 3980.425537 (us). Reduce the time by -10.3%
Element size in bytes is 2. Average execution time of scan (w/  bank conflicts): 4185.150391 (us)
Element size in bytes is 2. Average execution time of scan (w/o bank conflicts): 4159.913574 (us). Reduce the time by 0.6%
Element size in bytes is 4. Average execution time of scan (w/  bank conflicts): 5604.776855 (us)
Element size in bytes is 4. Average execution time of scan (w/o bank conflicts): 4015.725098 (us). Reduce the time by 28.4%
Element size in bytes is 8. Average execution time of scan (w/  bank conflicts): 8286.528320 (us)
Element size in bytes is 8. Average execution time of scan (w/o bank conflicts): 6593.522461 (us). Reduce the time by 20.4%

The number of elements to scan in a thread block: 2048
PASS
PASS
PASS
PASS
PASS
PASS
PASS
PASS

The number of elements to scan in a thread block: 2048
Element size in bytes is 1. Average execution time of scan (w/  bank conflicts): 4031.735352 (us)
Element size in bytes is 1. Average execution time of scan (w/o bank conflicts): 5140.029297 (us). Reduce the time by -27.5%
Element size in bytes is 2. Average execution time of scan (w/  bank conflicts): 4685.791992 (us)
Element size in bytes is 2. Average execution time of scan (w/o bank conflicts): 5398.118652 (us). Reduce the time by -15.2%
Element size in bytes is 4. Average execution time of scan (w/  bank conflicts): 6117.724609 (us)
Element size in bytes is 4. Average execution time of scan (w/o bank conflicts): 5616.771484 (us). Reduce the time by 8.2%
Element size in bytes is 8. Average execution time of scan (w/  bank conflicts): 8840.522461 (us)
Element size in bytes is 8. Average execution time of scan (w/o bank conflicts): 7995.487305 (us). Reduce the time by 9.6%
