Random image: entropy-reduction(0) width(1920) height(1080)

1 channel uchar1 tests (256-bin):

Shared memory atomics 	PASS
Avg time 41.408 us (10 iterations)
Global memory atomics 	PASS
Avg time 83.050 us (10 iterations)
Timings (us):
	 41.408 smem atomics (50.077 GB/s, 122.140% peak)
	 83.050 gmem atomics (24.968 GB/s, 60.898% peak)

3/4 channel uchar4 tests (256-bin):

Shared memory atomics 	PASS
Avg time 71.443 us (10 iterations)
Global memory atomics 	PASS
Avg time 218.624 us (10 iterations)
Timings (us):
	 71.443 smem atomics (116.098 GB/s, 283.165% peak)
	 218.624 gmem atomics (37.939 GB/s, 92.534% peak)

3/4 channel float4 tests (256-bin):

Shared memory atomics 	PASS
Avg time 88.246 us (10 iterations)
Global memory atomics 	PASS
Avg time 223.517 us (10 iterations)
Timings (us):
	 88.246 smem atomics (375.965 GB/s, 916.989% peak)
	 223.517 gmem atomics (148.434 GB/s, 362.035% peak)



