Error threshold:  0 | Average kernel time (us): 5.6440 | Accepted:        367 | Rejected:      29633
Error threshold:  1 | Average kernel time (us): 8.8420 | Accepted:        617 | Rejected:      29383
Error threshold:  2 | Average kernel time (us): 13.1770 | Accepted:       1792 | Rejected:      28208
Error threshold:  3 | Average kernel time (us): 21.4180 | Accepted:       3415 | Rejected:      26585
Error threshold:  4 | Average kernel time (us): 35.7060 | Accepted:       5109 | Rejected:      24891
Error threshold:  5 | Average kernel time (us): 44.4290 | Accepted:       6936 | Rejected:      23064
Error threshold:  6 | Average kernel time (us): 59.3720 | Accepted:       8782 | Rejected:      21218
Error threshold:  7 | Average kernel time (us): 72.7460 | Accepted:      10757 | Rejected:      19243
Error threshold:  8 | Average kernel time (us): 89.5790 | Accepted:      12723 | Rejected:      17277
Error threshold:  9 | Average kernel time (us): 106.1900 | Accepted:      14771 | Rejected:      15229
Error threshold: 10 | Average kernel time (us): 122.1750 | Accepted:      16770 | Rejected:      13230
Error threshold: 11 | Average kernel time (us): 145.7330 | Accepted:      18539 | Rejected:      11461
Error threshold: 12 | Average kernel time (us): 170.8360 | Accepted:      20186 | Rejected:       9814
Error threshold: 13 | Average kernel time (us): 196.3230 | Accepted:      21726 | Rejected:       8274
Error threshold: 14 | Average kernel time (us): 234.4060 | Accepted:      23133 | Rejected:       6867
Error threshold: 15 | Average kernel time (us): 266.2760 | Accepted:      24457 | Rejected:       5543
Error threshold: 16 | Average kernel time (us): 304.9740 | Accepted:      25749 | Rejected:       4251
Error threshold: 17 | Average kernel time (us): 348.3610 | Accepted:      26823 | Rejected:       3177
Error threshold: 18 | Average kernel time (us): 394.4510 | Accepted:      27754 | Rejected:       2246
Error threshold: 19 | Average kernel time (us): 435.5890 | Accepted:      28558 | Rejected:       1442
Error threshold: 20 | Average kernel time (us): 485.1250 | Accepted:      29131 | Rejected:        869
Error threshold: 21 | Average kernel time (us): 540.8250 | Accepted:      29452 | Rejected:        548
Error threshold: 22 | Average kernel time (us): 575.6680 | Accepted:      29671 | Rejected:        329
Error threshold: 23 | Average kernel time (us): 686.8530 | Accepted:      29799 | Rejected:        201
Error threshold: 24 | Average kernel time (us): 767.5390 | Accepted:      29915 | Rejected:         85
Error threshold: 25 | Average kernel time (us): 823.2490 | Accepted:      29980 | Rejected:         20
PASS
