Error threshold:  0 | Average kernel time (us): 5.6710 | Accepted:        367 | Rejected:      29633
Error threshold:  1 | Average kernel time (us): 8.8320 | Accepted:        617 | Rejected:      29383
Error threshold:  2 | Average kernel time (us): 13.1770 | Accepted:       1792 | Rejected:      28208
Error threshold:  3 | Average kernel time (us): 21.4120 | Accepted:       3415 | Rejected:      26585
Error threshold:  4 | Average kernel time (us): 35.7150 | Accepted:       5109 | Rejected:      24891
Error threshold:  5 | Average kernel time (us): 44.5030 | Accepted:       6936 | Rejected:      23064
Error threshold:  6 | Average kernel time (us): 59.4140 | Accepted:       8782 | Rejected:      21218
Error threshold:  7 | Average kernel time (us): 72.7600 | Accepted:      10757 | Rejected:      19243
Error threshold:  8 | Average kernel time (us): 89.6130 | Accepted:      12723 | Rejected:      17277
Error threshold:  9 | Average kernel time (us): 106.2220 | Accepted:      14771 | Rejected:      15229
Error threshold: 10 | Average kernel time (us): 122.2340 | Accepted:      16770 | Rejected:      13230
Error threshold: 11 | Average kernel time (us): 145.8280 | Accepted:      18539 | Rejected:      11461
Error threshold: 12 | Average kernel time (us): 170.8400 | Accepted:      20186 | Rejected:       9814
Error threshold: 13 | Average kernel time (us): 196.3640 | Accepted:      21726 | Rejected:       8274
Error threshold: 14 | Average kernel time (us): 234.4560 | Accepted:      23133 | Rejected:       6867
Error threshold: 15 | Average kernel time (us): 266.5040 | Accepted:      24457 | Rejected:       5543
Error threshold: 16 | Average kernel time (us): 305.1860 | Accepted:      25749 | Rejected:       4251
Error threshold: 17 | Average kernel time (us): 348.4170 | Accepted:      26823 | Rejected:       3177
Error threshold: 18 | Average kernel time (us): 394.4840 | Accepted:      27754 | Rejected:       2246
Error threshold: 19 | Average kernel time (us): 435.7020 | Accepted:      28558 | Rejected:       1442
Error threshold: 20 | Average kernel time (us): 485.0480 | Accepted:      29131 | Rejected:        869
Error threshold: 21 | Average kernel time (us): 540.8680 | Accepted:      29452 | Rejected:        548
Error threshold: 22 | Average kernel time (us): 575.7190 | Accepted:      29671 | Rejected:        329
Error threshold: 23 | Average kernel time (us): 686.9210 | Accepted:      29799 | Rejected:        201
Error threshold: 24 | Average kernel time (us): 767.5150 | Accepted:      29915 | Rejected:         85
Error threshold: 25 | Average kernel time (us): 823.3470 | Accepted:      29980 | Rejected:         20
PASS
