Random image: entropy-reduction(0) width(1920) height(1080)

1 channel uchar1 tests (256-bin):

Shared memory atomics 	PASS
Avg time 35.909 us (100 iterations)
Global memory atomics 	PASS
Avg time 71.028 us (100 iterations)
Timings (us):
	 35.909 smem atomics (57.745 GB/s, 140.842% peak)
	 71.028 gmem atomics (29.194 GB/s, 71.206% peak)

3/4 channel uchar4 tests (256-bin):

Shared memory atomics 	PASS
Avg time 65.776 us (100 iterations)
Global memory atomics 	PASS
Avg time 186.102 us (100 iterations)
Timings (us):
	 65.776 smem atomics (126.101 GB/s, 307.563% peak)
	 186.102 gmem atomics (44.569 GB/s, 108.705% peak)

3/4 channel float4 tests (256-bin):

Shared memory atomics 	PASS
Avg time 82.673 us (100 iterations)
Global memory atomics 	PASS
Avg time 189.822 us (100 iterations)
Timings (us):
	 82.673 smem atomics (401.313 GB/s, 978.812% peak)
	 189.822 gmem atomics (174.783 GB/s, 426.300% peak)



