Random image: entropy-reduction(0) width(1920) height(1080)

1 channel uchar1 tests (256-bin):

Shared memory atomics 	PASS
Avg time 35.491 us (100 iterations)
Global memory atomics 	PASS
Avg time 71.436 us (100 iterations)
Timings (us):
	 35.491 smem atomics (58.426 GB/s, 142.502% peak)
	 71.436 gmem atomics (29.027 GB/s, 70.799% peak)

3/4 channel uchar4 tests (256-bin):

Shared memory atomics 	PASS
Avg time 65.861 us (100 iterations)
Global memory atomics 	PASS
Avg time 186.379 us (100 iterations)
Timings (us):
	 65.861 smem atomics (125.938 GB/s, 307.165% peak)
	 186.379 gmem atomics (44.503 GB/s, 108.543% peak)

3/4 channel float4 tests (256-bin):

Shared memory atomics 	PASS
Avg time 82.407 us (100 iterations)
Global memory atomics 	PASS
Avg time 189.892 us (100 iterations)
Timings (us):
	 82.407 smem atomics (402.605 GB/s, 981.963% peak)
	 189.892 gmem atomics (174.718 GB/s, 426.142% peak)



