Random image: entropy-reduction(0) width(1920) height(1080)

1 channel uchar1 tests (256-bin):

Shared memory atomics 	PASS
Avg time 35.625 us (100 iterations)
Global memory atomics 	PASS
Avg time 71.064 us (100 iterations)
Timings (us):
	 35.625 smem atomics (58.206 GB/s, 141.967% peak)
	 71.064 gmem atomics (29.179 GB/s, 71.169% peak)

3/4 channel uchar4 tests (256-bin):

Shared memory atomics 	PASS
Avg time 65.958 us (100 iterations)
Global memory atomics 	PASS
Avg time 186.068 us (100 iterations)
Timings (us):
	 65.958 smem atomics (125.752 GB/s, 306.712% peak)
	 186.068 gmem atomics (44.577 GB/s, 108.725% peak)

3/4 channel float4 tests (256-bin):

Shared memory atomics 	PASS
Avg time 82.679 us (100 iterations)
Global memory atomics 	PASS
Avg time 189.932 us (100 iterations)
Timings (us):
	 82.679 smem atomics (401.280 GB/s, 978.733% peak)
	 189.932 gmem atomics (174.681 GB/s, 426.052% peak)



