Array size: 200 MB
Repeat the kernel execution: 100 times
Device name: Tesla V100-SXM2-32GB
Thread block size: 128, The average performance of reduction is 690.3 GBytes/sec
VERIFICATION: PASS

Thread block size: 128, The average performance of reduction is 845.294 GBytes/sec
VERIFICATION: PASS

Thread block size: 128, The average performance of reduction is 850.47 GBytes/sec
VERIFICATION: PASS

Thread block size: 128, The average performance of reduction is 834.332 GBytes/sec
VERIFICATION: PASS

Thread block size: 128, The average performance of reduction is 722.356 GBytes/sec
VERIFICATION: PASS

Thread block size: 256, The average performance of reduction is 703.123 GBytes/sec
VERIFICATION: PASS

Thread block size: 256, The average performance of reduction is 836.921 GBytes/sec
VERIFICATION: PASS

Thread block size: 256, The average performance of reduction is 863.229 GBytes/sec
VERIFICATION: PASS

Thread block size: 256, The average performance of reduction is 845.307 GBytes/sec
VERIFICATION: PASS

Thread block size: 256, The average performance of reduction is 728.065 GBytes/sec
VERIFICATION: PASS

Thread block size: 512, The average performance of reduction is 751.884 GBytes/sec
VERIFICATION: PASS

Thread block size: 512, The average performance of reduction is 825.809 GBytes/sec
VERIFICATION: PASS

Thread block size: 512, The average performance of reduction is 851.361 GBytes/sec
VERIFICATION: PASS

Thread block size: 512, The average performance of reduction is 788.513 GBytes/sec
VERIFICATION: PASS

Thread block size: 512, The average performance of reduction is 686.704 GBytes/sec
VERIFICATION: PASS

Thread block size: 1024, The average performance of reduction is 769.749 GBytes/sec
VERIFICATION: PASS

Thread block size: 1024, The average performance of reduction is 849.177 GBytes/sec
VERIFICATION: PASS

Thread block size: 1024, The average performance of reduction is 848.08 GBytes/sec
VERIFICATION: PASS

Thread block size: 1024, The average performance of reduction is 827.682 GBytes/sec
VERIFICATION: PASS

Thread block size: 1024, The average performance of reduction is 591.952 GBytes/sec
VERIFICATION: PASS

