3D convolution (FP32)

========== Warmup start ==========
input dimensions: C=6 Win=14 Hin=14
output dimensions: M=16 Wout=10 Hout=10
3D grid dimensions: N=32 M=16 Z=1
Average kernel execution time of conv3d_s1 kernel: 14.270277 (us)
PASS
Average kernel execution time of conv3d_s2 kernel: 13.502350 (us)
PASS
Average kernel execution time of conv3d_s3 kernel: 13.050593 (us)
PASS

========== Warmup done ==========
input dimensions: C=6 Win=14 Hin=14
output dimensions: M=16 Wout=10 Hout=10
3D grid dimensions: N=32 M=16 Z=1
Average kernel execution time of conv3d_s1 kernel: 13.144131 (us)
PASS
Average kernel execution time of conv3d_s2 kernel: 13.566772 (us)
PASS
Average kernel execution time of conv3d_s3 kernel: 13.081241 (us)
PASS
3D convolution (FP32)

========== Warmup start ==========
input dimensions: C=96 Win=26 Hin=26
output dimensions: M=256 Wout=22 Hout=22
3D grid dimensions: N=32 M=256 Z=4
Average kernel execution time of conv3d_s1 kernel: 9992.881836 (us)
PASS
Average kernel execution time of conv3d_s2 kernel: 9887.974609 (us)
PASS
Average kernel execution time of conv3d_s3 kernel: 10007.227539 (us)
PASS

========== Warmup done ==========
input dimensions: C=96 Win=26 Hin=26
output dimensions: M=256 Wout=22 Hout=22
3D grid dimensions: N=32 M=256 Z=4
Average kernel execution time of conv3d_s1 kernel: 9986.420898 (us)
PASS
Average kernel execution time of conv3d_s2 kernel: 9896.372070 (us)
PASS
Average kernel execution time of conv3d_s3 kernel: 10033.391602 (us)
PASS
